################################################################################
#                                                                              #
#      IAR Universal Linker V6.4.6.89                                          #
#                                                                              #
#           Link time     =  01/Jul/2019  23:17:18                             #
#           Target CPU    =  MSP430                                            #
#           List file     =  "C:\Users\PikesPlace\Google Drive\TTU\Fall 2018\M #
#                            icrocontrollers\WardBP0\Debug\List\WardBP0.map"   #
#           Output file 1 =  "C:\Users\PikesPlace\Google Drive\TTU\Fall 2018\M #
#                            icrocontrollers\WardBP0\Debug\Exe\WardBP0.d43"    #
#                            Format: ubrof10                                   #
#                            UBROF version 10.0.6                              #
#                            Using library modules for C-SPY (-rt)             #
#           Command line  =  "C:\Users\PikesPlace\Google Drive\TTU\Fall 2018\M #
#                            icrocontrollers\WardBP0\Debug\Obj\StepperMotor.r4 #
#                            3"                                                #
#                            -o                                                #
#                            "C:\Users\PikesPlace\Google Drive\TTU\Fall 2018\M #
#                            icrocontrollers\WardBP0\Debug\Exe\WardBP0.d43"    #
#                            -l                                                #
#                            "C:\Users\PikesPlace\Google Drive\TTU\Fall 2018\M #
#                            icrocontrollers\WardBP0\Debug\List\WardBP0.map"   #
#                            -xms                                              #
#                            "-IC:\Program Files (x86)\IAR Systems\Embedded Wo #
#                            rkbench 7.4\430\LIB\"                             #
#                            -f                                                #
#                            "C:\Program Files (x86)\IAR Systems\Embedded Work #
#                            bench 7.4\430\config\linker\lnk430g2553.xcl"      #
#                            (-cmsp430 -QCODE_I=CODE_ID -QTLS16_I=TLS16_ID     #
#                            -Z(CONST)INFO=1000-10FF                           #
#                            -Z(CONST)INFOA=10C0-10FF                          #
#                            -Z(CONST)INFOB=1080-10BF                          #
#                            -Z(CONST)INFOC=1040-107F                          #
#                            -Z(CONST)INFOD=1000-103F                          #
#                            -Z(DATA)DATA16_I,DATA16_Z,DATA16_N,TLS16_I=0200-0 #
#                            3FF                                               #
#                            -Z(DATA)DATA16_HEAP+_DATA16_HEAP_SIZE             #
#                            -Z(DATA)CODE_I -Z(DATA)CSTACK+_STACK_SIZE#        #
#                            -Z(CONST)DATA16_C,DATA16_ID,TLS16_ID,DIFUNCT,CHEC #
#                            KSUM=C000-FFDD                                    #
#                            -Z(CODE)CSTART,ISR_CODE,CODE_ID=C000-FFDD         #
#                            -P(CODE)CODE=C000-FFDD                            #
#                            -Z(CONST)SIGNATURE=FFDE-FFDF                      #
#                            -Z(CODE)INTVEC=FFE0-FFFF                          #
#                            -Z(CODE)RESET=FFFE-FFFF) -D_STACK_SIZE=50 -rt     #
#                            -D_DATA16_HEAP_SIZE=50 -D_DATA20_HEAP_SIZE=50     #
#                                                                              #
#                           Copyright (C) 1987-2016 IAR Systems AB.            #
################################################################################





                ****************************************
                *                                      *
                *           CROSS REFERENCE            *
                *                                      *
                ****************************************

                  There are no program entries.


                ****************************************
                *                                      *
                *    AUTOMATIC SYMBOL REDIRECTIONS     *
                *                                      *
                ****************************************

                  There are no automatic symbol redirections.



                ****************************************
                *                                      *
                *              MODULE MAP              *
                *                                      *
                ****************************************


  DEFINED ABSOLUTE ENTRIES
    *************************************************************************

  DEFINED ABSOLUTE ENTRIES
  PROGRAM MODULE, NAME : ?ABS_ENTRY_MOD

Absolute parts
           ENTRY                   ADDRESS         REF BY
           =====                   =======         ======
           _DATA20_HEAP_SIZE       0050 
           _DATA16_HEAP_SIZE       0050 
           _STACK_SIZE             0050 
    *************************************************************************

  FILE NAME : C:\Users\PikesPlace\Google Drive\TTU\Fall 2018\Microcontrollers\WardBP0\Debug\Obj\StepperMotor.r43
  PROGRAM MODULE, NAME : StepperMotor

Absolute parts
     C000 - C087
     FFFE - FFFF
           LOCAL                   ADDRESS         
           =====                   =======         
           RESET                   C000 
           StopWDT                 C004 
           SetupP1                 C00A 
           SetupP2                 C010 
           Mainloop                C03E 
           ButtonNotPressed        C070 
           ButtonPressed           C044 
           SetDirectionLow         C054 
           SetDirectionHigh        C04E 
           RedLoop                 C058 
           Time_Delay              C07A 
           Done                    C078 
           DelayTop                C07C 
           Loop1                   C080 



                ****************************************
                *                                      *
                *      SEGMENTS IN ADDRESS ORDER       *
                *                                      *
                ****************************************


SEGMENT              SPACE    START ADDRESS   END ADDRESS     SIZE  TYPE  ALIGN
=======              =====    =============   ===========     ====  ====  =====
                                       C000 - C087              88  aseg  
                                       FFFE - FFFF               2  aseg  

                ****************************************
                *                                      *
                *        END OF CROSS REFERENCE        *
                *                                      *
                ****************************************

 0 bytes of CODE memory (+ 138 absolute )

Errors: none
Warnings: none

