################################################################################
#                                                                              #
#      IAR Universal Linker V6.4.6.89                                          #
#                                                                              #
#           Link time     =  27/Sep/2018  18:46:59                             #
#           Target CPU    =  MSP430                                            #
#           List file     =  "C:\Users\PikesPlace\Documents\ECE 3362\WardBP1\D #
#                            ebug\List\WardBP1.map"                            #
#           Output file 1 =  "C:\Users\PikesPlace\Documents\ECE 3362\WardBP1\D #
#                            ebug\Exe\WardBP1.d43"                             #
#                            Format: ubrof10                                   #
#                            UBROF version 10.0.6                              #
#                            Using library modules for C-SPY (-rt)             #
#           Command line  =  "C:\Users\PikesPlace\Documents\ECE 3362\WardBP1\D #
#                            ebug\Obj\WardBP1.r43"                             #
#                            -o                                                #
#                            "C:\Users\PikesPlace\Documents\ECE 3362\WardBP1\D #
#                            ebug\Exe\WardBP1.d43"                             #
#                            -l                                                #
#                            "C:\Users\PikesPlace\Documents\ECE 3362\WardBP1\D #
#                            ebug\List\WardBP1.map"                            #
#                            -xms                                              #
#                            "-IC:\Program Files (x86)\IAR Systems\Embedded Wo #
#                            rkbench 7.4\430\LIB\"                             #
#                            -f                                                #
#                            "C:\Program Files (x86)\IAR Systems\Embedded Work #
#                            bench 7.4\430\config\linker\lnk430g2553.xcl"      #
#                            (-cmsp430 -QCODE_I=CODE_ID -QTLS16_I=TLS16_ID     #
#                            -Z(CONST)INFO=1000-10FF                           #
#                            -Z(CONST)INFOA=10C0-10FF                          #
#                            -Z(CONST)INFOB=1080-10BF                          #
#                            -Z(CONST)INFOC=1040-107F                          #
#                            -Z(CONST)INFOD=1000-103F                          #
#                            -Z(DATA)DATA16_I,DATA16_Z,DATA16_N,TLS16_I=0200-0 #
#                            3FF                                               #
#                            -Z(DATA)DATA16_HEAP+_DATA16_HEAP_SIZE             #
#                            -Z(DATA)CODE_I -Z(DATA)CSTACK+_STACK_SIZE#        #
#                            -Z(CONST)DATA16_C,DATA16_ID,TLS16_ID,DIFUNCT,CHEC #
#                            KSUM=C000-FFDD                                    #
#                            -Z(CODE)CSTART,ISR_CODE,CODE_ID=C000-FFDD         #
#                            -P(CODE)CODE=C000-FFDD                            #
#                            -Z(CONST)SIGNATURE=FFDE-FFDF                      #
#                            -Z(CODE)INTVEC=FFE0-FFFF                          #
#                            -Z(CODE)RESET=FFFE-FFFF) -D_STACK_SIZE=50 -rt     #
#                            -D_DATA16_HEAP_SIZE=50 -D_DATA20_HEAP_SIZE=50     #
#                                                                              #
#                           Copyright (C) 1987-2016 IAR Systems AB.            #
################################################################################





                ****************************************
                *                                      *
                *           CROSS REFERENCE            *
                *                                      *
                ****************************************

                  There are no program entries.


                ****************************************
                *                                      *
                *    AUTOMATIC SYMBOL REDIRECTIONS     *
                *                                      *
                ****************************************

                  There are no automatic symbol redirections.



                ****************************************
                *                                      *
                *              MODULE MAP              *
                *                                      *
                ****************************************


  DEFINED ABSOLUTE ENTRIES
    *************************************************************************

  DEFINED ABSOLUTE ENTRIES
  PROGRAM MODULE, NAME : ?ABS_ENTRY_MOD

Absolute parts
           ENTRY                   ADDRESS         REF BY
           =====                   =======         ======
           _DATA20_HEAP_SIZE       0050 
           _DATA16_HEAP_SIZE       0050 
           _STACK_SIZE             0050 
    *************************************************************************

  FILE NAME : C:\Users\PikesPlace\Documents\ECE 3362\WardBP1\Debug\Obj\WardBP1.r43
  PROGRAM MODULE, NAME : WardBP1

Absolute parts
     C000 - C0C5
     E000 - E017
     FFFE - FFFF
           LOCAL                   ADDRESS         
           =====                   =======         
           RESET                   C000 
           StopWDT                 C004 
           SetupP2                 C00A 
           ReadPort1               C024 
           ButtonNotPressed        C098 
           ButtonPressed           C02A 
           PatternTable1           E000 
           ECELoop                 C030 
           Delay_Long              C0AC 
           Delay_Short             C0B8 
           DisplayOnesDigit        C04C 
           Delay_Double            C09A 
           ReadExpansionPort       C070 
           PatternTable2           E008 
           Done                    C098 
           DelayTopD               C09C 
           Loop1LongD              C09E 
           DelayTopD2              C0A2 
           Loop2LongD              C0A4 
           DelayTopL               C0AE 
           Loop1Long               C0B0 
           DelayTopS               C0BA 
           Loop1Short              C0BE 
           Row0                    E000 
           Row1                    E001 
           Row2                    E002 
           Row3                    E003 
           Row4                    E004 
           Row5                    E005 
           Row6                    E006 
           Row7                    E007 



                ****************************************
                *                                      *
                *      SEGMENTS IN ADDRESS ORDER       *
                *                                      *
                ****************************************


SEGMENT              SPACE    START ADDRESS   END ADDRESS     SIZE  TYPE  ALIGN
=======              =====    =============   ===========     ====  ====  =====
                                       C000 - C0C5              C6  aseg  
                                       E000 - E017              18  aseg  
                                       FFFE - FFFF               2  aseg  

                ****************************************
                *                                      *
                *        END OF CROSS REFERENCE        *
                *                                      *
                ****************************************

 0 bytes of CODE memory (+ 224 absolute )

Errors: none
Warnings: none

