################################################################################
#                                                                              #
#      IAR Universal Linker V6.4.6.89                                          #
#                                                                              #
#           Link time     =  13/Nov/2018  19:41:17                             #
#           Target CPU    =  MSP430                                            #
#           List file     =  "C:\Users\PikesPlace\Google Drive\TTU\Fall 2018\M #
#                            icrocontrollers\WardBP4\Debug\List\WardBP4.map"   #
#           Output file 1 =  "C:\Users\PikesPlace\Google Drive\TTU\Fall 2018\M #
#                            icrocontrollers\WardBP4\Debug\Exe\WardBP4.d43"    #
#                            Format: ubrof10                                   #
#                            UBROF version 10.0.6                              #
#                            Using library modules for C-SPY (-rt)             #
#           Command line  =  "C:\Users\PikesPlace\Google Drive\TTU\Fall 2018\M #
#                            icrocontrollers\WardBP4\Debug\Obj\WardBP4.r43"    #
#                            -o                                                #
#                            "C:\Users\PikesPlace\Google Drive\TTU\Fall 2018\M #
#                            icrocontrollers\WardBP4\Debug\Exe\WardBP4.d43"    #
#                            -l                                                #
#                            "C:\Users\PikesPlace\Google Drive\TTU\Fall 2018\M #
#                            icrocontrollers\WardBP4\Debug\List\WardBP4.map"   #
#                            -xms                                              #
#                            "-IC:\Program Files (x86)\IAR Systems\Embedded Wo #
#                            rkbench 7.4\430\LIB\"                             #
#                            -f                                                #
#                            "C:\Program Files (x86)\IAR Systems\Embedded Work #
#                            bench 7.4\430\config\linker\lnk430g2553.xcl"      #
#                            (-cmsp430 -QCODE_I=CODE_ID -QTLS16_I=TLS16_ID     #
#                            -Z(CONST)INFO=1000-10FF                           #
#                            -Z(CONST)INFOA=10C0-10FF                          #
#                            -Z(CONST)INFOB=1080-10BF                          #
#                            -Z(CONST)INFOC=1040-107F                          #
#                            -Z(CONST)INFOD=1000-103F                          #
#                            -Z(DATA)DATA16_I,DATA16_Z,DATA16_N,TLS16_I=0200-0 #
#                            3FF                                               #
#                            -Z(DATA)DATA16_HEAP+_DATA16_HEAP_SIZE             #
#                            -Z(DATA)CODE_I -Z(DATA)CSTACK+_STACK_SIZE#        #
#                            -Z(CONST)DATA16_C,DATA16_ID,TLS16_ID,DIFUNCT,CHEC #
#                            KSUM=C000-FFDD                                    #
#                            -Z(CODE)CSTART,ISR_CODE,CODE_ID=C000-FFDD         #
#                            -P(CODE)CODE=C000-FFDD                            #
#                            -Z(CONST)SIGNATURE=FFDE-FFDF                      #
#                            -Z(CODE)INTVEC=FFE0-FFFF                          #
#                            -Z(CODE)RESET=FFFE-FFFF) -D_STACK_SIZE=50 -rt     #
#                            -D_DATA16_HEAP_SIZE=50 -D_DATA20_HEAP_SIZE=50     #
#                                                                              #
#                           Copyright (C) 1987-2016 IAR Systems AB.            #
################################################################################





                ****************************************
                *                                      *
                *           CROSS REFERENCE            *
                *                                      *
                ****************************************

                  There are no program entries.


                ****************************************
                *                                      *
                *    AUTOMATIC SYMBOL REDIRECTIONS     *
                *                                      *
                ****************************************

                  There are no automatic symbol redirections.



                ****************************************
                *                                      *
                *              MODULE MAP              *
                *                                      *
                ****************************************


  DEFINED ABSOLUTE ENTRIES
    *************************************************************************

  DEFINED ABSOLUTE ENTRIES
  PROGRAM MODULE, NAME : ?ABS_ENTRY_MOD

Absolute parts
           ENTRY                   ADDRESS         REF BY
           =====                   =======         ======
           _DATA20_HEAP_SIZE       0050 
           _DATA16_HEAP_SIZE       0050 
           _STACK_SIZE             0050 
    *************************************************************************

  FILE NAME : C:\Users\PikesPlace\Google Drive\TTU\Fall 2018\Microcontrollers\WardBP4\Debug\Obj\WardBP4.r43
  PROGRAM MODULE, NAME : WardBP4

Absolute parts
     0200 - 0209
     C000 - C23B
     E000 - E010
     FFE6 - FFE7
     FFEA - FFEB
     FFF2 - FFF3
     FFFE - FFFF
           LOCAL                   ADDRESS         
           =====                   =======         
           CurrentDigitPos         0200 
           CurrentDigitValue       0201 
           DisplayValue            0202 
           FTempBool               0204 
           CTempBool               0206 
           ColonTestBool           0208 
           RESET                   C000 
           StopWDT                 C004 
           SetupP1                 C00A 
           SetupP2                 C00E 
           SetupADC10              C046 
           SetupCalibratedClock    C052 
           SetupTimerA             C062 
           ClearInterruptFlags     C074 
           EnableGeneralInterrupts
                                   C07C 
           Mainloop                C07E 
           Delay_Long              C164 
           TestBusy                C088 
           DisplayTempValue        C08E 
           WriteNextDigitToDisplay
                                   C094 
           WriteDig0               C0C2 
           WriteDig1               C0DA 
           WriteDig2               C0FA 
           WriteDig3               C114 
           TestColon               C136 
           DoneWithDigitWriteTotally
                                   C160 
           SegPatternTable         E000 
           DoneWithDigitWrite      C150 
           WriteColon              C142 
           DelayTopL               C166 
           Loop1Long               C168 
           Trans2TempC             C170 
           MPYU                    C1C0 
           Trans2TempF             C190 
           BIN2BCD4                C1B0 
           BIN1                    C1B6 
           MACU                    C1C4 
           MPY2                    C1C8 
           MPY1                    C1D0 
           TA0_ISR                 C1DA 
           Port2_ISR               C1E0 
           DoneWithPort2           C200 
           SetCTemp                C1F8 
           SetFTemp                C1EE 
           ADC10_ISR               C206 
           DiplayCTemp             C212 
           DiplayFTemp             C20C 
           MoveValue               C216 
           SetCVar                 C232 
           SetFVar                 C22C 
           DoneWithADC10           C236 
           DigitPatternTable       E00C 



                ****************************************
                *                                      *
                *      SEGMENTS IN ADDRESS ORDER       *
                *                                      *
                ****************************************


SEGMENT              SPACE    START ADDRESS   END ADDRESS     SIZE  TYPE  ALIGN
=======              =====    =============   ===========     ====  ====  =====
                                       0200 - 0209               A  aseg  
                                       C000 - C23B             23C  aseg  
                                       E000 - E010              11  aseg  
                                       FFE6 - FFE7               2  aseg  
                                       FFEA - FFEB               2  aseg  
                                       FFF2 - FFF3               2  aseg  
                                       FFFE - FFFF               2  aseg  

                ****************************************
                *                                      *
                *        END OF CROSS REFERENCE        *
                *                                      *
                ****************************************

 0 bytes of CODE memory (+ 607 absolute )

Errors: none
Warnings: none

