################################################################################
#                                                                              #
#      IAR Universal Linker V6.4.6.89                                          #
#                                                                              #
#           Link time     =  11/Oct/2018  21:06:26                             #
#           Target CPU    =  MSP430                                            #
#           List file     =  "C:\Users\PikesPlace\Documents\ECE 3362\WardBP2\D #
#                            ebug\List\WardBP2.map"                            #
#           Output file 1 =  "C:\Users\PikesPlace\Documents\ECE 3362\WardBP2\D #
#                            ebug\Exe\WardBP2.d43"                             #
#                            Format: ubrof10                                   #
#                            UBROF version 10.0.6                              #
#                            Using library modules for C-SPY (-rt)             #
#           Command line  =  "C:\Users\PikesPlace\Documents\ECE 3362\WardBP2\D #
#                            ebug\Obj\WardBP2.r43"                             #
#                            -o                                                #
#                            "C:\Users\PikesPlace\Documents\ECE 3362\WardBP2\D #
#                            ebug\Exe\WardBP2.d43"                             #
#                            -l                                                #
#                            "C:\Users\PikesPlace\Documents\ECE 3362\WardBP2\D #
#                            ebug\List\WardBP2.map"                            #
#                            -xms                                              #
#                            "-IC:\Program Files (x86)\IAR Systems\Embedded Wo #
#                            rkbench 7.4\430\LIB\"                             #
#                            -f                                                #
#                            "C:\Program Files (x86)\IAR Systems\Embedded Work #
#                            bench 7.4\430\config\linker\lnk430g2553.xcl"      #
#                            (-cmsp430 -QCODE_I=CODE_ID -QTLS16_I=TLS16_ID     #
#                            -Z(CONST)INFO=1000-10FF                           #
#                            -Z(CONST)INFOA=10C0-10FF                          #
#                            -Z(CONST)INFOB=1080-10BF                          #
#                            -Z(CONST)INFOC=1040-107F                          #
#                            -Z(CONST)INFOD=1000-103F                          #
#                            -Z(DATA)DATA16_I,DATA16_Z,DATA16_N,TLS16_I=0200-0 #
#                            3FF                                               #
#                            -Z(DATA)DATA16_HEAP+_DATA16_HEAP_SIZE             #
#                            -Z(DATA)CODE_I -Z(DATA)CSTACK+_STACK_SIZE#        #
#                            -Z(CONST)DATA16_C,DATA16_ID,TLS16_ID,DIFUNCT,CHEC #
#                            KSUM=C000-FFDD                                    #
#                            -Z(CODE)CSTART,ISR_CODE,CODE_ID=C000-FFDD         #
#                            -P(CODE)CODE=C000-FFDD                            #
#                            -Z(CONST)SIGNATURE=FFDE-FFDF                      #
#                            -Z(CODE)INTVEC=FFE0-FFFF                          #
#                            -Z(CODE)RESET=FFFE-FFFF) -D_STACK_SIZE=50 -rt     #
#                            -D_DATA16_HEAP_SIZE=50 -D_DATA20_HEAP_SIZE=50     #
#                                                                              #
#                           Copyright (C) 1987-2016 IAR Systems AB.            #
################################################################################





                ****************************************
                *                                      *
                *           CROSS REFERENCE            *
                *                                      *
                ****************************************

                  There are no program entries.


                ****************************************
                *                                      *
                *    AUTOMATIC SYMBOL REDIRECTIONS     *
                *                                      *
                ****************************************

                  There are no automatic symbol redirections.



                ****************************************
                *                                      *
                *              MODULE MAP              *
                *                                      *
                ****************************************


  DEFINED ABSOLUTE ENTRIES
    *************************************************************************

  DEFINED ABSOLUTE ENTRIES
  PROGRAM MODULE, NAME : ?ABS_ENTRY_MOD

Absolute parts
           ENTRY                   ADDRESS         REF BY
           =====                   =======         ======
           _DATA20_HEAP_SIZE       0050 
           _DATA16_HEAP_SIZE       0050 
           _STACK_SIZE             0050 
    *************************************************************************

  FILE NAME : C:\Users\PikesPlace\Documents\ECE 3362\WardBP2\Debug\Obj\WardBP2.r43
  PROGRAM MODULE, NAME : WardBP2

Absolute parts
     0200 - 0203
     C000 - C145
     E000 - E011
     FFF2 - FFF3
     FFFE - FFFF
           LOCAL                   ADDRESS         
           =====                   =======         
           DisplayValue            0200 
           CurrentDigitPos         0202 
           CurrentDigitValue       0203 
           RESET                   C000 
           StopWDT                 C004 
           SetupP1                 C00A 
           SetupTimerA             C02E 
           EnableGeneralInterrupts
                                   C040 
           DisplayTop              C042 
           Done                    C04A 
           Case_Zero               C064 
           Case_One                C06E 
           Case_Two                C078 
           WriteNextDigitToDisplay
                                   C082 
           WriteDig0               C0B2 
           WriteDig1               C0CA 
           WriteDig2               C0EA 
           WriteDig3               C104 
           TestColon               C126 
           DoneWithDigitWriteTotally
                                   C13C 
           SegPatternTable         E000 
           DoneWithDigitWrite      C138 
           WriteColon              C12C 
           TA0_ISR                 C140 
           DigitPatternTable       E00D 



                ****************************************
                *                                      *
                *      SEGMENTS IN ADDRESS ORDER       *
                *                                      *
                ****************************************


SEGMENT              SPACE    START ADDRESS   END ADDRESS     SIZE  TYPE  ALIGN
=======              =====    =============   ===========     ====  ====  =====
                                       0200 - 0203               4  aseg  
                                       C000 - C145             146  aseg  
                                       E000 - E011              12  aseg  
                                       FFF2 - FFF3               2  aseg  
                                       FFFE - FFFF               2  aseg  

                ****************************************
                *                                      *
                *        END OF CROSS REFERENCE        *
                *                                      *
                ****************************************

 0 bytes of CODE memory (+ 352 absolute )

Errors: none
Warnings: none

