################################################################################
#                                                                              #
#      IAR Universal Linker V6.4.6.89                                          #
#                                                                              #
#           Link time     =  30/Oct/2018  14:59:49                             #
#           Target CPU    =  MSP430                                            #
#           List file     =  "C:\Users\bradw\OneDrive\OneDrive - Texas Tech Un #
#                            iversity\Microcontrollers\WardBP3\Debug\List\Ward #
#                            BP3.map"                                          #
#           Output file 1 =  "C:\Users\bradw\OneDrive\OneDrive - Texas Tech Un #
#                            iversity\Microcontrollers\WardBP3\Debug\Exe\WardB #
#                            P3.d43"                                           #
#                            Format: ubrof10                                   #
#                            UBROF version 10.0.6                              #
#                            Using library modules for C-SPY (-rt)             #
#           Command line  =  "C:\Users\bradw\OneDrive\OneDrive - Texas Tech Un #
#                            iversity\Microcontrollers\WardBP3\Debug\Obj\WardB #
#                            P3.r43"                                           #
#                            -o                                                #
#                            "C:\Users\bradw\OneDrive\OneDrive - Texas Tech Un #
#                            iversity\Microcontrollers\WardBP3\Debug\Exe\WardB #
#                            P3.d43"                                           #
#                            -l                                                #
#                            "C:\Users\bradw\OneDrive\OneDrive - Texas Tech Un #
#                            iversity\Microcontrollers\WardBP3\Debug\List\Ward #
#                            BP3.map"                                          #
#                            -xms                                              #
#                            "-IC:\Program Files (x86)\IAR Systems\Embedded Wo #
#                            rkbench 7.4\430\LIB\"                             #
#                            -f                                                #
#                            "C:\Program Files (x86)\IAR Systems\Embedded Work #
#                            bench 7.4\430\config\linker\lnk430g2553.xcl"      #
#                            (-cmsp430 -QCODE_I=CODE_ID -QTLS16_I=TLS16_ID     #
#                            -Z(CONST)INFO=1000-10FF                           #
#                            -Z(CONST)INFOA=10C0-10FF                          #
#                            -Z(CONST)INFOB=1080-10BF                          #
#                            -Z(CONST)INFOC=1040-107F                          #
#                            -Z(CONST)INFOD=1000-103F                          #
#                            -Z(DATA)DATA16_I,DATA16_Z,DATA16_N,TLS16_I=0200-0 #
#                            3FF                                               #
#                            -Z(DATA)DATA16_HEAP+_DATA16_HEAP_SIZE             #
#                            -Z(DATA)CODE_I -Z(DATA)CSTACK+_STACK_SIZE#        #
#                            -Z(CONST)DATA16_C,DATA16_ID,TLS16_ID,DIFUNCT,CHEC #
#                            KSUM=C000-FFDD                                    #
#                            -Z(CODE)CSTART,ISR_CODE,CODE_ID=C000-FFDD         #
#                            -P(CODE)CODE=C000-FFDD                            #
#                            -Z(CONST)SIGNATURE=FFDE-FFDF                      #
#                            -Z(CODE)INTVEC=FFE0-FFFF                          #
#                            -Z(CODE)RESET=FFFE-FFFF) -D_STACK_SIZE=50 -rt     #
#                            -D_DATA16_HEAP_SIZE=50 -D_DATA20_HEAP_SIZE=50     #
#                                                                              #
#                           Copyright (C) 1987-2016 IAR Systems AB.            #
################################################################################





                ****************************************
                *                                      *
                *           CROSS REFERENCE            *
                *                                      *
                ****************************************

                  There are no program entries.


                ****************************************
                *                                      *
                *    AUTOMATIC SYMBOL REDIRECTIONS     *
                *                                      *
                ****************************************

                  There are no automatic symbol redirections.



                ****************************************
                *                                      *
                *              MODULE MAP              *
                *                                      *
                ****************************************


  DEFINED ABSOLUTE ENTRIES
    *************************************************************************

  DEFINED ABSOLUTE ENTRIES
  PROGRAM MODULE, NAME : ?ABS_ENTRY_MOD

Absolute parts
           ENTRY                   ADDRESS         REF BY
           =====                   =======         ======
           _DATA20_HEAP_SIZE       0050 
           _DATA16_HEAP_SIZE       0050 
           _STACK_SIZE             0050 
    *************************************************************************

  FILE NAME : C:\Users\bradw\OneDrive\OneDrive - Texas Tech University\Microcontrollers\WardBP3\Debug\Obj\WardBP3.r43
  PROGRAM MODULE, NAME : WardBP3

Absolute parts
     0200 - 0210
     C000 - C295
     E000 - E010
     FFE4 - FFE7
     FFF2 - FFF3
     FFFA - FFFB
     FFFE - FFFF
           LOCAL                   ADDRESS         
           =====                   =======         
           TimerCompareBool        0200 
           FlashTimerBool          0202 
           TimerVarAdd             0204 
           TotalINTCount0          0206 
           TotalINTCount1          0208 
           DisplayValue            020A 
           CurrentDigitPos         020C 
           CurrentDigitValue       020D 
           PB_0_Mode               020E 
           PB_1_Mode               020F 
           PB_2_Mode               0210 
           RESET                   C000 
           StopWDT                 C004 
           SetupP1                 C00A 
           SetupCalibratedClock    C03A 
           SetupTimerA0            C04A 
           SetupTimerA1            C05C 
           ClearRAMVariables       C072 
           ClearInterruptFlags     C07E 
           EnableGeneralInterrupts
                                   C086 
           ShowProjectCode         C088 
           Delay_Long              C214 
           Mainloop                C09E 
           IsPB_0_Mode             C0BE 
           IsPB_1_Mode             C0DC 
           IsPB_2_Mode             C0F4 
           TestTimerValue          C132 
           FlashTimer              C112 
           Done                    C130 
           DoneWithCount           C138 
           WriteNextDigitToDisplay
                                   C148 
           WriteDig0               C176 
           WriteDig1               C18E 
           WriteDig2               C1AE 
           WriteDig3               C1C8 
           TestColon               C1EA 
           DoneWithDigitWriteTotally
                                   C210 
           SegPatternTable         E000 
           DoneWithDigitWrite      C200 
           WriteColon              C1F4 
           DelayTopL               C216 
           Loop1Long               C218 
           TA1_ISR                 C220 
           DecrementSecond         C23C 
           DoneDecrementing        C256 
           TA0_ISR                 C258 
           Port1_ISR               C25E 
           DoneWithPort_1_ISR      C25E 
           Port2_ISR               C264 
           PB_0_Case               C27E 
           PB_1_Case               C284 
           PB_2_Case               C28A 
           DoneWithPort_2_ISR      C290 
           DigitPatternTable       E00C 



                ****************************************
                *                                      *
                *      SEGMENTS IN ADDRESS ORDER       *
                *                                      *
                ****************************************


SEGMENT              SPACE    START ADDRESS   END ADDRESS     SIZE  TYPE  ALIGN
=======              =====    =============   ===========     ====  ====  =====
                                       0200 - 0210              11  aseg  
                                       C000 - C295             296  aseg  
                                       E000 - E010              11  aseg  
                                       FFE4 - FFE7               4  aseg  
                                       FFF2 - FFF3               2  aseg  
                                       FFFA - FFFB               2  aseg  
                                       FFFE - FFFF               2  aseg  

                ****************************************
                *                                      *
                *        END OF CROSS REFERENCE        *
                *                                      *
                ****************************************

 0 bytes of CODE memory (+ 706 absolute )

Errors: none
Warnings: none

